sysmoUSIM-SJS1 parameterization tool
Copyright (c)2017 Sysmocom s.f.m.c. GmbH

Initializing smartcard terminal...

Detected Card ICCID:  8988211320300000028

Authenticating...
 * Remaining attempts: 3
 * Authenticating...
 * Authentication successful
 * Remaining attempts: 3

Detected Card IMSI:  262423203000002

Programming Authentication parameters...
 * New algorithm setting:
   2G: 1=MILENAGE
   3G: 1=MILENAGE
 * Initalizing...
 * Programming...

Done!
sysmoUSIM-SJS1 parameterization tool
Copyright (c)2017 Sysmocom s.f.m.c. GmbH

Initializing smartcard terminal...

Detected Card ICCID:  8988211320300000028

Authenticating...
 * Remaining attempts: 3
 * Authenticating...
 * Authentication successful
 * Remaining attempts: 3

Detected Card IMSI:  262423203000002

Reading Authentication parameters...
 * Initalizing...
 * Reading...
 * Current algorithm setting:
   2G: 1=MILENAGE
   3G: 1=MILENAGE

Done!
sysmoUSIM-SJS1 parameterization tool
Copyright (c)2017 Sysmocom s.f.m.c. GmbH

Initializing smartcard terminal...

Detected Card ICCID:  8988211320300000028

Authenticating...
 * Remaining attempts: 3
 * Authenticating...
 * Authentication successful
 * Remaining attempts: 3

Detected Card IMSI:  262423203000002

Programming Authentication parameters...
 * New algorithm setting:
   2G: 3=COMP128v1
   3G: 3=COMP128v1
 * Initalizing...
 * Programming...

Done!
sysmoUSIM-SJS1 parameterization tool
Copyright (c)2017 Sysmocom s.f.m.c. GmbH

Initializing smartcard terminal...

Detected Card ICCID:  8988211320300000028

Authenticating...
 * Remaining attempts: 3
 * Authenticating...
 * Authentication successful
 * Remaining attempts: 3

Detected Card IMSI:  262423203000002

Reading Authentication parameters...
 * Initalizing...
 * Reading...
 * Current algorithm setting:
   2G: 3=COMP128v1
   3G: 3=COMP128v1

Done!
sysmoUSIM-SJS1 parameterization tool
Copyright (c)2017 Sysmocom s.f.m.c. GmbH

Initializing smartcard terminal...

Detected Card ICCID:  8988211320300000028

Authenticating...
 * Remaining attempts: 3
 * Authenticating...
 * Authentication successful
 * Remaining attempts: 3

Detected Card IMSI:  262423203000002

Programming Authentication parameters...
 * New algorithm setting:
   2G: 4=XOR-2G
   3G: 4=XOR-2G
 * Initalizing...
 * Programming...

Done!
sysmoUSIM-SJS1 parameterization tool
Copyright (c)2017 Sysmocom s.f.m.c. GmbH

Initializing smartcard terminal...

Detected Card ICCID:  8988211320300000028

Authenticating...
 * Remaining attempts: 3
 * Authenticating...
 * Authentication successful
 * Remaining attempts: 3

Detected Card IMSI:  262423203000002

Reading Authentication parameters...
 * Initalizing...
 * Reading...
 * Current algorithm setting:
   2G: 4=XOR-2G
   3G: 4=XOR-2G

Done!
sysmoUSIM-SJS1 parameterization tool
Copyright (c)2017 Sysmocom s.f.m.c. GmbH

Initializing smartcard terminal...

Detected Card ICCID:  8988211320300000028

Authenticating...
 * Remaining attempts: 3
 * Authenticating...
 * Authentication successful
 * Remaining attempts: 3

Detected Card IMSI:  262423203000002

Programming Authentication parameters...
 * New algorithm setting:
   2G: 5=GBA
   3G: 5=GBA
 * Initalizing...
 * Programming...

Done!
sysmoUSIM-SJS1 parameterization tool
Copyright (c)2017 Sysmocom s.f.m.c. GmbH

Initializing smartcard terminal...

Detected Card ICCID:  8988211320300000028

Authenticating...
 * Remaining attempts: 3
 * Authenticating...
 * Authentication successful
 * Remaining attempts: 3

Detected Card IMSI:  262423203000002

Reading Authentication parameters...
 * Initalizing...
 * Reading...
 * Current algorithm setting:
   2G: 5=GBA
   3G: 5=GBA

Done!
sysmoUSIM-SJS1 parameterization tool
Copyright (c)2017 Sysmocom s.f.m.c. GmbH

Initializing smartcard terminal...

Detected Card ICCID:  8988211320300000028

Authenticating...
 * Remaining attempts: 3
 * Authenticating...
 * Authentication successful
 * Remaining attempts: 3

Detected Card IMSI:  262423203000002

Programming Authentication parameters...
 * New algorithm setting:
   2G: 6=COMP128v2
   3G: 6=COMP128v2
 * Initalizing...
 * Programming...

Done!
sysmoUSIM-SJS1 parameterization tool
Copyright (c)2017 Sysmocom s.f.m.c. GmbH

Initializing smartcard terminal...

Detected Card ICCID:  8988211320300000028

Authenticating...
 * Remaining attempts: 3
 * Authenticating...
 * Authentication successful
 * Remaining attempts: 3

Detected Card IMSI:  262423203000002

Reading Authentication parameters...
 * Initalizing...
 * Reading...
 * Current algorithm setting:
   2G: 6=COMP128v2
   3G: 6=COMP128v2

Done!
sysmoUSIM-SJS1 parameterization tool
Copyright (c)2017 Sysmocom s.f.m.c. GmbH

Initializing smartcard terminal...

Detected Card ICCID:  8988211320300000028

Authenticating...
 * Remaining attempts: 3
 * Authenticating...
 * Authentication successful
 * Remaining attempts: 3

Detected Card IMSI:  262423203000002

Programming Authentication parameters...
 * New algorithm setting:
   2G: 7=COMP128v3
   3G: 7=COMP128v3
 * Initalizing...
 * Programming...

Done!
sysmoUSIM-SJS1 parameterization tool
Copyright (c)2017 Sysmocom s.f.m.c. GmbH

Initializing smartcard terminal...

Detected Card ICCID:  8988211320300000028

Authenticating...
 * Remaining attempts: 3
 * Authenticating...
 * Authentication successful
 * Remaining attempts: 3

Detected Card IMSI:  262423203000002

Reading Authentication parameters...
 * Initalizing...
 * Reading...
 * Current algorithm setting:
   2G: 7=COMP128v3
   3G: 7=COMP128v3

Done!
sysmoUSIM-SJS1 parameterization tool
Copyright (c)2017 Sysmocom s.f.m.c. GmbH

Initializing smartcard terminal...

Detected Card ICCID:  8988211320300000028

Authenticating...
 * Remaining attempts: 3
 * Authenticating...
 * Authentication successful
 * Remaining attempts: 3

Detected Card IMSI:  262423203000002

Programming Authentication parameters...
 * New algorithm setting:
   2G: 9=CIS-B
   3G: 9=CIS-B
 * Initalizing...
 * Programming...

Done!
sysmoUSIM-SJS1 parameterization tool
Copyright (c)2017 Sysmocom s.f.m.c. GmbH

Initializing smartcard terminal...

Detected Card ICCID:  8988211320300000028

Authenticating...
 * Remaining attempts: 3
 * Authenticating...
 * Authentication successful
 * Remaining attempts: 3

Detected Card IMSI:  262423203000002

Reading Authentication parameters...
 * Initalizing...
 * Reading...
 * Current algorithm setting:
   2G: 9=CIS-B
   3G: 9=CIS-B

Done!
sysmoUSIM-SJS1 parameterization tool
Copyright (c)2017 Sysmocom s.f.m.c. GmbH

Initializing smartcard terminal...

Detected Card ICCID:  8988211320300000028

Authenticating...
 * Remaining attempts: 3
 * Authenticating...
 * Authentication successful
 * Remaining attempts: 3

Detected Card IMSI:  262423203000002

Programming Authentication parameters...
 * New algorithm setting:
   2G: 5=GBA
   3G: 5=GBA
 * Initalizing...
 * Programming...

Done!
sysmoUSIM-SJS1 parameterization tool
Copyright (c)2017 Sysmocom s.f.m.c. GmbH

Initializing smartcard terminal...

Detected Card ICCID:  8988211320300000028

Authenticating...
 * Remaining attempts: 3
 * Authenticating...
 * Authentication successful
 * Remaining attempts: 3

Detected Card IMSI:  262423203000002

Reading Authentication parameters...
 * Initalizing...
 * Reading...
 * Current algorithm setting:
   2G: 5=GBA
   3G: 5=GBA

Done!
sysmoUSIM-SJS1 parameterization tool
Copyright (c)2017 Sysmocom s.f.m.c. GmbH

Initializing smartcard terminal...

Detected Card ICCID:  8988211320300000028

Authenticating...
 * Remaining attempts: 3
 * Authenticating...
 * Authentication successful
 * Remaining attempts: 3

Detected Card IMSI:  262423203000002

Programming Authentication parameters...
 * New algorithm setting:
   2G: 3=COMP128v1
   3G: 3=COMP128v1
 * Initalizing...
 * Programming...

Done!
sysmoUSIM-SJS1 parameterization tool
Copyright (c)2017 Sysmocom s.f.m.c. GmbH

Initializing smartcard terminal...

Detected Card ICCID:  8988211320300000028

Authenticating...
 * Remaining attempts: 3
 * Authenticating...
 * Authentication successful
 * Remaining attempts: 3

Detected Card IMSI:  262423203000002

Reading Authentication parameters...
 * Initalizing...
 * Reading...
 * Current algorithm setting:
   2G: 3=COMP128v1
   3G: 3=COMP128v1

Done!
sysmoUSIM-SJS1 parameterization tool
Copyright (c)2017 Sysmocom s.f.m.c. GmbH

Initializing smartcard terminal...

Detected Card ICCID:  8988211320300000028

Authenticating...
 * Remaining attempts: 3
 * Authenticating...
 * Authentication successful
 * Remaining attempts: 3

Detected Card IMSI:  262423203000002

Programming Authentication parameters...
 * New algorithm setting:
   2G: 1=MILENAGE
   3G: 1=MILENAGE
 * Initalizing...
 * Programming...

Done!
sysmoUSIM-SJS1 parameterization tool
Copyright (c)2017 Sysmocom s.f.m.c. GmbH

Initializing smartcard terminal...

Detected Card ICCID:  8988211320300000028

Authenticating...
 * Remaining attempts: 3
 * Authenticating...
 * Authentication successful
 * Remaining attempts: 3

Detected Card IMSI:  262423203000002

Reading Authentication parameters...
 * Initalizing...
 * Reading...
 * Current algorithm setting:
   2G: 1=MILENAGE
   3G: 1=MILENAGE

Done!
sysmoUSIM-SJS1 parameterization tool
Copyright (c)2017 Sysmocom s.f.m.c. GmbH

Initializing smartcard terminal...

Detected Card ICCID:  8988211320300000028

Authenticating...
 * Remaining attempts: 3
 * Authenticating...
 * Authentication successful
 * Remaining attempts: 3

Detected Card IMSI:  262423203000002

Programming Authentication parameters...
 * New algorithm setting:
   2G: 3=COMP128v1
   3G: 1=MILENAGE
 * Initalizing...
 * Programming...

Done!
sysmoUSIM-SJS1 parameterization tool
Copyright (c)2017 Sysmocom s.f.m.c. GmbH

Initializing smartcard terminal...

Detected Card ICCID:  8988211320300000028

Authenticating...
 * Remaining attempts: 3
 * Authenticating...
 * Authentication successful
 * Remaining attempts: 3

Detected Card IMSI:  262423203000002

Reading Authentication parameters...
 * Initalizing...
 * Reading...
 * Current algorithm setting:
   2G: 3=COMP128v1
   3G: 1=MILENAGE

Done!
sysmoUSIM-SJS1 parameterization tool
Copyright (c)2017 Sysmocom s.f.m.c. GmbH

Initializing smartcard terminal...

Detected Card ICCID:  8988211320300000028

Authenticating...
 * Remaining attempts: 3
 * Authenticating...
 * Authentication successful
 * Remaining attempts: 3

Detected Card IMSI:  262423203000002

Programming Authentication parameters...
 * New algorithm setting:
   2G: 4=XOR-2G
   3G: 1=MILENAGE
 * Initalizing...
 * Programming...

Done!
sysmoUSIM-SJS1 parameterization tool
Copyright (c)2017 Sysmocom s.f.m.c. GmbH

Initializing smartcard terminal...

Detected Card ICCID:  8988211320300000028

Authenticating...
 * Remaining attempts: 3
 * Authenticating...
 * Authentication successful
 * Remaining attempts: 3

Detected Card IMSI:  262423203000002

Reading Authentication parameters...
 * Initalizing...
 * Reading...
 * Current algorithm setting:
   2G: 4=XOR-2G
   3G: 1=MILENAGE

Done!
sysmoUSIM-SJS1 parameterization tool
Copyright (c)2017 Sysmocom s.f.m.c. GmbH

Initializing smartcard terminal...

Detected Card ICCID:  8988211320300000028

Authenticating...
 * Remaining attempts: 3
 * Authenticating...
 * Authentication successful
 * Remaining attempts: 3

Detected Card IMSI:  262423203000002

Programming Authentication parameters...
 * New algorithm setting:
   2G: 6=COMP128v2
   3G: 1=MILENAGE
 * Initalizing...
 * Programming...

Done!
sysmoUSIM-SJS1 parameterization tool
Copyright (c)2017 Sysmocom s.f.m.c. GmbH

Initializing smartcard terminal...

Detected Card ICCID:  8988211320300000028

Authenticating...
 * Remaining attempts: 3
 * Authenticating...
 * Authentication successful
 * Remaining attempts: 3

Detected Card IMSI:  262423203000002

Reading Authentication parameters...
 * Initalizing...
 * Reading...
 * Current algorithm setting:
   2G: 6=COMP128v2
   3G: 1=MILENAGE

Done!
sysmoUSIM-SJS1 parameterization tool
Copyright (c)2017 Sysmocom s.f.m.c. GmbH

Initializing smartcard terminal...

Detected Card ICCID:  8988211320300000028

Authenticating...
 * Remaining attempts: 3
 * Authenticating...
 * Authentication successful
 * Remaining attempts: 3

Detected Card IMSI:  262423203000002

Programming Authentication parameters...
 * New algorithm setting:
   2G: 7=COMP128v3
   3G: 1=MILENAGE
 * Initalizing...
 * Programming...

Done!
sysmoUSIM-SJS1 parameterization tool
Copyright (c)2017 Sysmocom s.f.m.c. GmbH

Initializing smartcard terminal...

Detected Card ICCID:  8988211320300000028

Authenticating...
 * Remaining attempts: 3
 * Authenticating...
 * Authentication successful
 * Remaining attempts: 3

Detected Card IMSI:  262423203000002

Reading Authentication parameters...
 * Initalizing...
 * Reading...
 * Current algorithm setting:
   2G: 7=COMP128v3
   3G: 1=MILENAGE

Done!
sysmoUSIM-SJS1 parameterization tool
Copyright (c)2017 Sysmocom s.f.m.c. GmbH

Initializing smartcard terminal...

Detected Card ICCID:  8988211320300000028

Authenticating...
 * Remaining attempts: 3
 * Authenticating...
 * Authentication successful
 * Remaining attempts: 3

Detected Card IMSI:  262423203000002

Programming Authentication parameters...
 * New algorithm setting:
   2G: 9=CIS-B
   3G: 1=MILENAGE
 * Initalizing...
 * Programming...

Done!
sysmoUSIM-SJS1 parameterization tool
Copyright (c)2017 Sysmocom s.f.m.c. GmbH

Initializing smartcard terminal...

Detected Card ICCID:  8988211320300000028

Authenticating...
 * Remaining attempts: 3
 * Authenticating...
 * Authentication successful
 * Remaining attempts: 3

Detected Card IMSI:  262423203000002

Reading Authentication parameters...
 * Initalizing...
 * Reading...
 * Current algorithm setting:
   2G: 9=CIS-B
   3G: 1=MILENAGE

Done!
sysmoUSIM-SJS1 parameterization tool
Copyright (c)2017 Sysmocom s.f.m.c. GmbH

Initializing smartcard terminal...

Detected Card ICCID:  8988211320300000028

Authenticating...
 * Remaining attempts: 3
 * Authenticating...
 * Authentication successful
 * Remaining attempts: 3

Detected Card IMSI:  262423203000002

Programming Authentication parameters...
 * New algorithm setting:
   2G: 5=GBA
   3G: 8=XOR-3G
 * Initalizing...
 * Programming...

Done!
sysmoUSIM-SJS1 parameterization tool
Copyright (c)2017 Sysmocom s.f.m.c. GmbH

Initializing smartcard terminal...

Detected Card ICCID:  8988211320300000028

Authenticating...
 * Remaining attempts: 3
 * Authenticating...
 * Authentication successful
 * Remaining attempts: 3

Detected Card IMSI:  262423203000002

Reading Authentication parameters...
 * Initalizing...
 * Reading...
 * Current algorithm setting:
   2G: 5=GBA
   3G: 8=XOR-3G

Done!
sysmoUSIM-SJS1 parameterization tool
Copyright (c)2017 Sysmocom s.f.m.c. GmbH

Initializing smartcard terminal...

Detected Card ICCID:  8988211320300000028

Authenticating...
 * Remaining attempts: 3
 * Authenticating...
 * Authentication successful
 * Remaining attempts: 3

Detected Card IMSI:  262423203000002

Programming Authentication parameters...
 * New algorithm setting:
   2G: 3=COMP128v1
   3G: 1=MILENAGE
 * Initalizing...
 * Programming...

Done!
sysmoUSIM-SJS1 parameterization tool
Copyright (c)2017 Sysmocom s.f.m.c. GmbH

Initializing smartcard terminal...

Detected Card ICCID:  8988211320300000028

Authenticating...
 * Remaining attempts: 3
 * Authenticating...
 * Authentication successful
 * Remaining attempts: 3

Detected Card IMSI:  262423203000002

Reading Authentication parameters...
 * Initalizing...
 * Reading...
 * Current algorithm setting:
   2G: 3=COMP128v1
   3G: 1=MILENAGE

Done!
